chr12 74365 78786 6 + 6 0 5 0
chr12 74365 87266 1 + 1 0 0 0
chr12 74365 87269 1 + 1 0 0 0
chr12 78939 87256 11 + 11 0 11 0
chr12 78939 87269 9 + 9 0 3 0
chr12 86722 87256 3 + 3 0 0 0
chr12 86722 87266 4 + 4 0 3 0
chr12 86722 87269 9 + 9 0 2 0
chr12 87367 87557 10 + 10 0 2 0
chr12 87703 87881 1 + 1 0 1 0
chr12 87703 88570 2 + 2 0 0 0
chr12 88017 88257 6 + 6 0 0 0
chr12 88392 88570 46 + 46 0 11 0
chr12 88767 88860 15 + 15 0 8 0
chr12 88771 88860 7 + 7 0 17 0
chr12 89827 90587 33 + 33 0 17 0
chr12 90655 90796 9 + 9 0 0 0
chr12 280327 280413 2 + 2 0 0 0
chr12 302543 304391 4 - 4 0 0 0
chr12 304493 305290 3 - 3 0 1 0
chr12 309949 310928 12 - 12 0 2 0
chr12 394824 401921 12 - 12 0 24 0
chr12 394828 395292 16 - 16 0 11 0
chr12 394828 401925 32 - 32 0 5 0
chr12 395373 401925 24 - 24 0 4 0
